------------------------------------------------------------
Timing Analyzer Summary
------------------------------------------------------------

Type  : Slow 1200mV 85C Model Setup 'MAX10_CLK1_50'
Slack : -4.362
TNS   : -72.809

Type  : Slow 1200mV 85C Model Setup 'clkDivider:clkM|outReg'
Slack : -1.381
TNS   : -16.883

Type  : Slow 1200mV 85C Model Hold 'clkDivider:clkM|outReg'
Slack : 0.632
TNS   : 0.000

Type  : Slow 1200mV 85C Model Hold 'MAX10_CLK1_50'
Slack : 0.645
TNS   : 0.000

Type  : Slow 1200mV 85C Model Minimum Pulse Width 'MAX10_CLK1_50'
Slack : -3.000
TNS   : -49.299

Type  : Slow 1200mV 85C Model Minimum Pulse Width 'clkDivider:clkM|outReg'
Slack : -1.403
TNS   : -22.448

Type  : Slow 1200mV 0C Model Setup 'MAX10_CLK1_50'
Slack : -4.039
TNS   : -63.152

Type  : Slow 1200mV 0C Model Setup 'clkDivider:clkM|outReg'
Slack : -1.165
TNS   : -14.007

Type  : Slow 1200mV 0C Model Hold 'clkDivider:clkM|outReg'
Slack : 0.583
TNS   : 0.000

Type  : Slow 1200mV 0C Model Hold 'MAX10_CLK1_50'
Slack : 0.596
TNS   : 0.000

Type  : Slow 1200mV 0C Model Minimum Pulse Width 'MAX10_CLK1_50'
Slack : -3.000
TNS   : -49.299

Type  : Slow 1200mV 0C Model Minimum Pulse Width 'clkDivider:clkM|outReg'
Slack : -1.403
TNS   : -22.448

Type  : Fast 1200mV 0C Model Setup 'MAX10_CLK1_50'
Slack : -1.453
TNS   : -12.031

Type  : Fast 1200mV 0C Model Setup 'clkDivider:clkM|outReg'
Slack : -0.007
TNS   : -0.007

Type  : Fast 1200mV 0C Model Hold 'clkDivider:clkM|outReg'
Slack : 0.243
TNS   : 0.000

Type  : Fast 1200mV 0C Model Hold 'MAX10_CLK1_50'
Slack : 0.249
TNS   : 0.000

Type  : Fast 1200mV 0C Model Minimum Pulse Width 'MAX10_CLK1_50'
Slack : -3.000
TNS   : -37.132

Type  : Fast 1200mV 0C Model Minimum Pulse Width 'clkDivider:clkM|outReg'
Slack : -1.000
TNS   : -16.000

------------------------------------------------------------
