------------------------------------------------------------
Timing Analyzer Summary
------------------------------------------------------------

Type  : Slow 1200mV 85C Model Setup 'MAX10_CLK1_50'
Slack : -4.045
TNS   : -68.400

Type  : Slow 1200mV 85C Model Hold 'MAX10_CLK1_50'
Slack : 0.639
TNS   : 0.000

Type  : Slow 1200mV 85C Model Minimum Pulse Width 'MAX10_CLK1_50'
Slack : -3.000
TNS   : -49.299

Type  : Slow 1200mV 85C Model Minimum Pulse Width 'clkDivider:clkM|outReg'
Slack : -1.403
TNS   : -1.403

Type  : Slow 1200mV 0C Model Setup 'MAX10_CLK1_50'
Slack : -3.665
TNS   : -59.012

Type  : Slow 1200mV 0C Model Hold 'MAX10_CLK1_50'
Slack : 0.591
TNS   : 0.000

Type  : Slow 1200mV 0C Model Minimum Pulse Width 'MAX10_CLK1_50'
Slack : -3.000
TNS   : -49.299

Type  : Slow 1200mV 0C Model Minimum Pulse Width 'clkDivider:clkM|outReg'
Slack : -1.403
TNS   : -1.403

Type  : Fast 1200mV 0C Model Setup 'MAX10_CLK1_50'
Slack : -1.253
TNS   : -9.375

Type  : Fast 1200mV 0C Model Hold 'MAX10_CLK1_50'
Slack : 0.246
TNS   : 0.000

Type  : Fast 1200mV 0C Model Minimum Pulse Width 'MAX10_CLK1_50'
Slack : -3.000
TNS   : -37.023

Type  : Fast 1200mV 0C Model Minimum Pulse Width 'clkDivider:clkM|outReg'
Slack : -1.000
TNS   : -1.000

------------------------------------------------------------
